⦿──⦿  SIMBA  ⦿──⦿  |       INFO | 2026-06-16 14:05:18 | 
   ⦿──⦿──⦿──⦿──⦿──⦿──⦿──⦿──⦿──⦿──⦿──⦿
       Sea Ice Mass Budget Analysis      
   ⦿──⦿──⦿──⦿──⦿──⦿──⦿──⦿──⦿──⦿──⦿──⦿

        version: 0.1.0


⦿──⦿  SIMBA  ⦿──⦿  |       INFO | 2026-06-16 14:05:18 | ==== Inputs ====
⦿──⦿  SIMBA  ⦿──⦿  |       INFO | 2026-06-16 14:05:18 | Completed: Read & validated config file -> configs/NorESM2-LM_esm-up2p0-swl4p0_config.toml
⦿──⦿  SIMBA  ⦿──⦿  |       INFO | 2026-06-16 14:05:18 | In Progress: Reading sea ice mass budget variables...
⦿──⦿  SIMBA  ⦿──⦿  |       INFO | 2026-06-16 14:05:18 | --> Completed: Opened 'mask' variable.
⦿──⦿  SIMBA  ⦿──⦿  |       INFO | 2026-06-16 14:05:18 | In Progress: Creating sea ice mass budget dataset from variables.
⦿──⦿  SIMBA  ⦿──⦿  |       INFO | 2026-06-16 14:05:18 | --> Completed: Opened 'areacello' variable.
⦿──⦿  SIMBA  ⦿──⦿  |       INFO | 2026-06-16 14:05:19 | --> Completed: Opened 'simass' variable.
⦿──⦿  SIMBA  ⦿──⦿  |       INFO | 2026-06-16 14:05:20 | --> Completed: Opened 'sidmassth' variable.
⦿──⦿  SIMBA  ⦿──⦿  |       INFO | 2026-06-16 14:05:20 | --> Completed: Opened 'sidmassdyn' variable.
⦿──⦿  SIMBA  ⦿──⦿  |       INFO | 2026-06-16 14:05:21 | --> Completed: Opened 'sidmassgrowthwat' variable.
⦿──⦿  SIMBA  ⦿──⦿  |       INFO | 2026-06-16 14:05:22 | --> Completed: Opened 'sidmassgrowthbot' variable.
⦿──⦿  SIMBA  ⦿──⦿  |       INFO | 2026-06-16 14:05:23 | --> Completed: Opened 'sidmasssi' variable.
⦿──⦿  SIMBA  ⦿──⦿  |       INFO | 2026-06-16 14:05:23 | --> Completed: Opened 'sidmassevapsubl' variable.
⦿──⦿  SIMBA  ⦿──⦿  |       INFO | 2026-06-16 14:05:24 | --> Completed: Opened 'sidmassmelttop' variable.
⦿──⦿  SIMBA  ⦿──⦿  |       INFO | 2026-06-16 14:05:25 | --> Completed: Opened 'sidmassmeltbot' variable.
⦿──⦿  SIMBA  ⦿──⦿  |       INFO | 2026-06-16 14:05:26 | --> Completed: Opened 'sidmasslat' variable.
⦿──⦿  SIMBA  ⦿──⦿  |       INFO | 2026-06-16 14:05:26 | --> Completed: Created sea ice mass budget dataset from variables.
⦿──⦿  SIMBA  ⦿──⦿  |       INFO | 2026-06-16 14:05:26 | ==== Sea Ice Mass Budget Calculation ====
⦿──⦿  SIMBA  ⦿──⦿  |       INFO | 2026-06-16 14:05:26 | In Progress: Calculating Regional Sea Ice Mass Budget...
⦿──⦿  SIMBA  ⦿──⦿  |       INFO | 2026-06-16 14:05:26 | Completed: Calculated Regional Sea Ice Mass Budget.
⦿──⦿  SIMBA  ⦿──⦿  |       INFO | 2026-06-16 14:05:26 | ==== Outputs ====
⦿──⦿  SIMBA  ⦿──⦿  |       INFO | 2026-06-16 14:05:26 | In Progress: Saving Sea Ice Mass Budget Analysis outputs to netCDF file...
⦿──⦿  SIMBA  ⦿──⦿  |       INFO | 2026-06-16 14:07:36 | Completed: Saved Sea Ice Mass Budget Analysis outputs to file -> /nird/datalake/NS2980K/projects/TipESM/SIMBA_out/NorESM2-LM_SIMBA_SH_esm-up2p0-swl4p0_r1i1p1f1_2057-01-2356-12.nc
⦿──⦿  SIMBA  ⦿──⦿  |       INFO | 2026-06-16 14:07:36 | Completed: Succesfully closed all netcdf files.
⦿──⦿  SIMBA  ⦿──⦿  |       INFO | 2026-06-16 14:07:37 | ✔ SIMBA Completed ✔
