⦿──⦿  SIMBA  ⦿──⦿  |       INFO | 2026-06-15 17:56:29 | 
   ⦿──⦿──⦿──⦿──⦿──⦿──⦿──⦿──⦿──⦿──⦿──⦿
       Sea Ice Mass Budget Analysis      
   ⦿──⦿──⦿──⦿──⦿──⦿──⦿──⦿──⦿──⦿──⦿──⦿

        version: 0.1.0


⦿──⦿  SIMBA  ⦿──⦿  |       INFO | 2026-06-15 17:56:29 | ==== Inputs ====
⦿──⦿  SIMBA  ⦿──⦿  |       INFO | 2026-06-15 17:57:09 | 
   ⦿──⦿──⦿──⦿──⦿──⦿──⦿──⦿──⦿──⦿──⦿──⦿
       Sea Ice Mass Budget Analysis      
   ⦿──⦿──⦿──⦿──⦿──⦿──⦿──⦿──⦿──⦿──⦿──⦿

        version: 0.1.0


⦿──⦿  SIMBA  ⦿──⦿  |       INFO | 2026-06-15 17:57:09 | ==== Inputs ====
⦿──⦿  SIMBA  ⦿──⦿  |       INFO | 2026-06-15 17:57:09 | Completed: Read & validated config file -> configs/NorESM2-LM_esm-up2p0-swl4p0-50y-dn2p0_config.toml
⦿──⦿  SIMBA  ⦿──⦿  |       INFO | 2026-06-15 17:57:09 | In Progress: Reading sea ice mass budget variables...
⦿──⦿  SIMBA  ⦿──⦿  |       INFO | 2026-06-15 17:57:09 | --> Completed: Opened 'mask' variable.
⦿──⦿  SIMBA  ⦿──⦿  |       INFO | 2026-06-15 17:57:09 | In Progress: Creating sea ice mass budget dataset from variables.
⦿──⦿  SIMBA  ⦿──⦿  |       INFO | 2026-06-15 17:57:09 | --> Completed: Opened 'areacello' variable.
⦿──⦿  SIMBA  ⦿──⦿  |       INFO | 2026-06-15 17:57:10 | --> Completed: Opened 'simass' variable.
⦿──⦿  SIMBA  ⦿──⦿  |       INFO | 2026-06-15 17:57:11 | --> Completed: Opened 'sidmassth' variable.
⦿──⦿  SIMBA  ⦿──⦿  |       INFO | 2026-06-15 17:57:12 | --> Completed: Opened 'sidmassdyn' variable.
⦿──⦿  SIMBA  ⦿──⦿  |       INFO | 2026-06-15 17:57:13 | --> Completed: Opened 'sidmassgrowthwat' variable.
⦿──⦿  SIMBA  ⦿──⦿  |       INFO | 2026-06-15 17:57:13 | --> Completed: Opened 'sidmassgrowthbot' variable.
⦿──⦿  SIMBA  ⦿──⦿  |       INFO | 2026-06-15 17:57:14 | --> Completed: Opened 'sidmasssi' variable.
⦿──⦿  SIMBA  ⦿──⦿  |       INFO | 2026-06-15 17:57:15 | --> Completed: Opened 'sidmassevapsubl' variable.
⦿──⦿  SIMBA  ⦿──⦿  |       INFO | 2026-06-15 17:57:16 | --> Completed: Opened 'sidmassmelttop' variable.
⦿──⦿  SIMBA  ⦿──⦿  |       INFO | 2026-06-15 17:57:17 | --> Completed: Opened 'sidmassmeltbot' variable.
⦿──⦿  SIMBA  ⦿──⦿  |       INFO | 2026-06-15 17:57:18 | --> Completed: Opened 'sidmasslat' variable.
⦿──⦿  SIMBA  ⦿──⦿  |       INFO | 2026-06-15 17:57:18 | --> Completed: Created sea ice mass budget dataset from variables.
⦿──⦿  SIMBA  ⦿──⦿  |       INFO | 2026-06-15 17:57:18 | ==== Sea Ice Mass Budget Calculation ====
⦿──⦿  SIMBA  ⦿──⦿  |       INFO | 2026-06-15 17:57:18 | In Progress: Calculating Regional Sea Ice Mass Budget...
⦿──⦿  SIMBA  ⦿──⦿  |       INFO | 2026-06-15 17:57:18 | Completed: Calculated Regional Sea Ice Mass Budget.
⦿──⦿  SIMBA  ⦿──⦿  |       INFO | 2026-06-15 17:57:18 | ==== Outputs ====
⦿──⦿  SIMBA  ⦿──⦿  |       INFO | 2026-06-15 17:57:18 | In Progress: Saving Sea Ice Mass Budget Analysis outputs to netCDF file...
⦿──⦿  SIMBA  ⦿──⦿  |       INFO | 2026-06-15 17:58:56 | Completed: Saved Sea Ice Mass Budget Analysis outputs to file -> /nird/datalake/NS2980K/projects/TipESM/SIMBA_out/NorESM2-LM_SIMBA_SH_esm-up2p0-swl4p0-50y-dn2p0_r1i1p1f1_2107-01-2331-12.nc
⦿──⦿  SIMBA  ⦿──⦿  |       INFO | 2026-06-15 17:58:56 | Completed: Succesfully closed all netcdf files.
⦿──⦿  SIMBA  ⦿──⦿  |       INFO | 2026-06-15 17:58:56 | ✔ SIMBA Completed ✔
