⦿──⦿  SIMBA  ⦿──⦿  |       INFO | 2026-05-20 09:15:33 | 
   ⦿──⦿──⦿──⦿──⦿──⦿──⦿──⦿──⦿──⦿──⦿──⦿
       Sea Ice Mass Budget Analysis      
   ⦿──⦿──⦿──⦿──⦿──⦿──⦿──⦿──⦿──⦿──⦿──⦿

        version: 0.1.0


⦿──⦿  SIMBA  ⦿──⦿  |       INFO | 2026-05-20 09:15:33 | ==== Inputs ====
⦿──⦿  SIMBA  ⦿──⦿  |       INFO | 2026-05-20 09:15:33 | Completed: Read & validated config file -> ./configs/UKESM1-2-LL_esm-up2p0-gwl-dn-gwl_config.toml
⦿──⦿  SIMBA  ⦿──⦿  |       INFO | 2026-05-20 09:15:33 | In Progress: Reading sea ice mass budget variables...
⦿──⦿  SIMBA  ⦿──⦿  |       INFO | 2026-05-20 09:15:33 | --> Completed: Opened 'mask' variable.
⦿──⦿  SIMBA  ⦿──⦿  |       INFO | 2026-05-20 09:15:33 | In Progress: Creating sea ice mass budget dataset from variables.
⦿──⦿  SIMBA  ⦿──⦿  |       INFO | 2026-05-20 09:15:35 | --> Completed: Opened 'areacello' variable.
⦿──⦿  SIMBA  ⦿──⦿  |       INFO | 2026-05-20 09:15:37 | --> Completed: Opened 'siconc' variable.
⦿──⦿  SIMBA  ⦿──⦿  |       INFO | 2026-05-20 09:15:37 | --> Completed: Opened 'sivol' variable.
⦿──⦿  SIMBA  ⦿──⦿  |       INFO | 2026-05-20 09:15:38 | --> Completed: Opened 'simass' variable.
⦿──⦿  SIMBA  ⦿──⦿  |       INFO | 2026-05-20 09:15:38 | --> Completed: Opened 'sidmassth' variable.
⦿──⦿  SIMBA  ⦿──⦿  |       INFO | 2026-05-20 09:15:38 | --> Completed: Opened 'sidmassdyn' variable.
⦿──⦿  SIMBA  ⦿──⦿  |       INFO | 2026-05-20 09:15:38 | --> Completed: Opened 'sidmassgrowthwat' variable.
⦿──⦿  SIMBA  ⦿──⦿  |       INFO | 2026-05-20 09:15:39 | --> Completed: Opened 'sidmassgrowthbot' variable.
⦿──⦿  SIMBA  ⦿──⦿  |       INFO | 2026-05-20 09:15:39 | --> Completed: Opened 'sidmasssi' variable.
⦿──⦿  SIMBA  ⦿──⦿  |       INFO | 2026-05-20 09:15:39 | --> Completed: Opened 'sidmassevapsubl' variable.
⦿──⦿  SIMBA  ⦿──⦿  |       INFO | 2026-05-20 09:15:40 | --> Completed: Opened 'sidmassmelttop' variable.
⦿──⦿  SIMBA  ⦿──⦿  |       INFO | 2026-05-20 09:15:40 | --> Completed: Opened 'sidmassmeltbot' variable.
⦿──⦿  SIMBA  ⦿──⦿  |       INFO | 2026-05-20 09:15:40 | --> Completed: Opened 'sidmasslat' variable.
⦿──⦿  SIMBA  ⦿──⦿  |       INFO | 2026-05-20 09:15:40 | --> Completed: Created sea ice mass budget dataset from variables.
⦿──⦿  SIMBA  ⦿──⦿  |       INFO | 2026-05-20 09:15:40 | ==== Sea Ice Mass Budget Calculation ====
⦿──⦿  SIMBA  ⦿──⦿  |       INFO | 2026-05-20 09:15:40 | In Progress: Calculating Regional Sea Ice Mass Budget...
⦿──⦿  SIMBA  ⦿──⦿  |       INFO | 2026-05-20 09:15:47 | Completed: Calculated Regional Sea Ice Mass Budget.
⦿──⦿  SIMBA  ⦿──⦿  |       INFO | 2026-05-20 09:15:47 | ==== Outputs ====
⦿──⦿  SIMBA  ⦿──⦿  |       INFO | 2026-05-20 09:15:47 | In Progress: Saving Sea Ice Mass Budget Analysis outputs to netCDF file...
⦿──⦿  SIMBA  ⦿──⦿  |       INFO | 2026-05-20 09:17:26 | Completed: Saved Sea Ice Mass Budget Analysis outputs to file -> /home/users/o_tooth/NOC/OptimESM/SeaIceMassBudgetMIP/contributions/UKESM1-2-LL/outputs//UKESM1-2-LL_SIMBA_NH_esm-up2p0-gwl4p0-50y-dn2p0-gwl2p0_r1i1p1f1_2233-01-2394-12.nc
⦿──⦿  SIMBA  ⦿──⦿  |       INFO | 2026-05-20 09:17:26 | Completed: Succesfully closed all netcdf files.
⦿──⦿  SIMBA  ⦿──⦿  |       INFO | 2026-05-20 09:17:26 | ✔ SIMBA Completed ✔
⦿──⦿  SIMBA  ⦿──⦿  |       INFO | 2026-05-21 10:45:16 | 
   ⦿──⦿──⦿──⦿──⦿──⦿──⦿──⦿──⦿──⦿──⦿──⦿
       Sea Ice Mass Budget Analysis      
   ⦿──⦿──⦿──⦿──⦿──⦿──⦿──⦿──⦿──⦿──⦿──⦿

        version: 0.1.0


⦿──⦿  SIMBA  ⦿──⦿  |       INFO | 2026-05-21 10:45:16 | ==== Inputs ====
⦿──⦿  SIMBA  ⦿──⦿  |       INFO | 2026-05-21 10:45:16 | Completed: Read & validated config file -> ./configs/UKESM1-2-LL_esm-up2p0-gwl-dn-gwl_config.toml
⦿──⦿  SIMBA  ⦿──⦿  |       INFO | 2026-05-21 10:45:16 | In Progress: Reading sea ice mass budget variables...
⦿──⦿  SIMBA  ⦿──⦿  |       INFO | 2026-05-21 10:45:16 | --> Completed: Opened 'mask' variable.
⦿──⦿  SIMBA  ⦿──⦿  |       INFO | 2026-05-21 10:45:16 | In Progress: Creating sea ice mass budget dataset from variables.
⦿──⦿  SIMBA  ⦿──⦿  |       INFO | 2026-05-21 10:45:18 | --> Completed: Opened 'areacello' variable.
⦿──⦿  SIMBA  ⦿──⦿  |       INFO | 2026-05-21 10:45:21 | --> Completed: Opened 'siconc' variable.
⦿──⦿  SIMBA  ⦿──⦿  |       INFO | 2026-05-21 10:45:21 | --> Completed: Opened 'sivol' variable.
⦿──⦿  SIMBA  ⦿──⦿  |       INFO | 2026-05-21 10:45:21 | --> Completed: Opened 'simass' variable.
⦿──⦿  SIMBA  ⦿──⦿  |       INFO | 2026-05-21 10:45:22 | --> Completed: Opened 'sidmassth' variable.
⦿──⦿  SIMBA  ⦿──⦿  |       INFO | 2026-05-21 10:45:22 | --> Completed: Opened 'sidmassdyn' variable.
⦿──⦿  SIMBA  ⦿──⦿  |       INFO | 2026-05-21 10:45:22 | --> Completed: Opened 'sidmassgrowthwat' variable.
⦿──⦿  SIMBA  ⦿──⦿  |       INFO | 2026-05-21 10:45:22 | --> Completed: Opened 'sidmassgrowthbot' variable.
⦿──⦿  SIMBA  ⦿──⦿  |       INFO | 2026-05-21 10:45:23 | --> Completed: Opened 'sidmasssi' variable.
⦿──⦿  SIMBA  ⦿──⦿  |       INFO | 2026-05-21 10:45:23 | --> Completed: Opened 'sidmassevapsubl' variable.
⦿──⦿  SIMBA  ⦿──⦿  |       INFO | 2026-05-21 10:45:23 | --> Completed: Opened 'sidmassmelttop' variable.
⦿──⦿  SIMBA  ⦿──⦿  |       INFO | 2026-05-21 10:45:24 | --> Completed: Opened 'sidmassmeltbot' variable.
⦿──⦿  SIMBA  ⦿──⦿  |       INFO | 2026-05-21 10:45:24 | --> Completed: Opened 'sidmasslat' variable.
⦿──⦿  SIMBA  ⦿──⦿  |       INFO | 2026-05-21 10:45:24 | --> Completed: Created sea ice mass budget dataset from variables.
⦿──⦿  SIMBA  ⦿──⦿  |       INFO | 2026-05-21 10:45:24 | ==== Sea Ice Mass Budget Calculation ====
⦿──⦿  SIMBA  ⦿──⦿  |       INFO | 2026-05-21 10:45:24 | In Progress: Calculating Regional Sea Ice Mass Budget...
⦿──⦿  SIMBA  ⦿──⦿  |       INFO | 2026-05-21 10:45:31 | Completed: Calculated Regional Sea Ice Mass Budget.
⦿──⦿  SIMBA  ⦿──⦿  |       INFO | 2026-05-21 10:45:31 | ==== Outputs ====
⦿──⦿  SIMBA  ⦿──⦿  |       INFO | 2026-05-21 10:45:31 | In Progress: Saving Sea Ice Mass Budget Analysis outputs to netCDF file...
⦿──⦿  SIMBA  ⦿──⦿  |       INFO | 2026-05-21 10:47:10 | Completed: Saved Sea Ice Mass Budget Analysis outputs to file -> /home/users/o_tooth/NOC/OptimESM/SeaIceMassBudgetMIP/contributions/UKESM1-2-LL/outputs//UKESM1-2-LL_SIMBA_SH_esm-up2p0-gwl4p0-50y-dn2p0-gwl2p0_r1i1p1f1_2233-01-2394-12.nc
⦿──⦿  SIMBA  ⦿──⦿  |       INFO | 2026-05-21 10:47:10 | Completed: Succesfully closed all netcdf files.
⦿──⦿  SIMBA  ⦿──⦿  |       INFO | 2026-05-21 10:47:10 | ✔ SIMBA Completed ✔
