⦿──⦿  SIMBA  ⦿──⦿  |       INFO | 2026-05-19 20:59:12 | 
   ⦿──⦿──⦿──⦿──⦿──⦿──⦿──⦿──⦿──⦿──⦿──⦿
       Sea Ice Mass Budget Analysis      
   ⦿──⦿──⦿──⦿──⦿──⦿──⦿──⦿──⦿──⦿──⦿──⦿

        version: 0.1.0


⦿──⦿  SIMBA  ⦿──⦿  |       INFO | 2026-05-19 20:59:12 | ==== Inputs ====
⦿──⦿  SIMBA  ⦿──⦿  |       INFO | 2026-05-19 20:59:12 | Completed: Read & validated config file -> ./configs/UKESM1-2-LL_esm-up2p0_config.toml
⦿──⦿  SIMBA  ⦿──⦿  |       INFO | 2026-05-19 20:59:12 | In Progress: Reading sea ice mass budget variables...
⦿──⦿  SIMBA  ⦿──⦿  |       INFO | 2026-05-19 20:59:13 | --> Completed: Opened 'mask' variable.
⦿──⦿  SIMBA  ⦿──⦿  |       INFO | 2026-05-19 20:59:13 | In Progress: Creating sea ice mass budget dataset from variables.
⦿──⦿  SIMBA  ⦿──⦿  |       INFO | 2026-05-19 20:59:19 | --> Completed: Opened 'areacello' variable.
⦿──⦿  SIMBA  ⦿──⦿  |       INFO | 2026-05-19 20:59:24 | --> Completed: Opened 'siconc' variable.
⦿──⦿  SIMBA  ⦿──⦿  |       INFO | 2026-05-19 20:59:25 | --> Completed: Opened 'sivol' variable.
⦿──⦿  SIMBA  ⦿──⦿  |       INFO | 2026-05-19 20:59:26 | --> Completed: Opened 'simass' variable.
⦿──⦿  SIMBA  ⦿──⦿  |       INFO | 2026-05-19 20:59:27 | --> Completed: Opened 'sidmassth' variable.
⦿──⦿  SIMBA  ⦿──⦿  |       INFO | 2026-05-19 20:59:27 | --> Completed: Opened 'sidmassdyn' variable.
⦿──⦿  SIMBA  ⦿──⦿  |       INFO | 2026-05-19 20:59:28 | --> Completed: Opened 'sidmassgrowthwat' variable.
⦿──⦿  SIMBA  ⦿──⦿  |       INFO | 2026-05-19 20:59:29 | --> Completed: Opened 'sidmassgrowthbot' variable.
⦿──⦿  SIMBA  ⦿──⦿  |       INFO | 2026-05-19 20:59:29 | --> Completed: Opened 'sidmasssi' variable.
⦿──⦿  SIMBA  ⦿──⦿  |       INFO | 2026-05-19 20:59:30 | --> Completed: Opened 'sidmassevapsubl' variable.
⦿──⦿  SIMBA  ⦿──⦿  |       INFO | 2026-05-19 20:59:31 | --> Completed: Opened 'sidmassmelttop' variable.
⦿──⦿  SIMBA  ⦿──⦿  |       INFO | 2026-05-19 20:59:31 | --> Completed: Opened 'sidmassmeltbot' variable.
⦿──⦿  SIMBA  ⦿──⦿  |       INFO | 2026-05-19 20:59:32 | --> Completed: Opened 'sidmasslat' variable.
⦿──⦿  SIMBA  ⦿──⦿  |       INFO | 2026-05-19 20:59:32 | --> Completed: Created sea ice mass budget dataset from variables.
⦿──⦿  SIMBA  ⦿──⦿  |       INFO | 2026-05-19 20:59:32 | ==== Sea Ice Mass Budget Calculation ====
⦿──⦿  SIMBA  ⦿──⦿  |       INFO | 2026-05-19 20:59:32 | In Progress: Calculating Regional Sea Ice Mass Budget...
⦿──⦿  SIMBA  ⦿──⦿  |       INFO | 2026-05-19 20:59:44 | Completed: Calculated Regional Sea Ice Mass Budget.
⦿──⦿  SIMBA  ⦿──⦿  |       INFO | 2026-05-19 20:59:44 | ==== Outputs ====
⦿──⦿  SIMBA  ⦿──⦿  |       INFO | 2026-05-19 20:59:44 | In Progress: Saving Sea Ice Mass Budget Analysis outputs to netCDF file...
⦿──⦿  SIMBA  ⦿──⦿  |       INFO | 2026-05-19 21:02:30 | Completed: Saved Sea Ice Mass Budget Analysis outputs to file -> /home/users/o_tooth/NOC/OptimESM/SeaIceMassBudgetMIP/contributions/UKESM1-2-LL/outputs//UKESM1-2-LL_SIMBA_NH_esm-up2p0_r1i1p1f1_1850-01-2139-12.nc
⦿──⦿  SIMBA  ⦿──⦿  |       INFO | 2026-05-19 21:02:30 | Completed: Succesfully closed all netcdf files.
⦿──⦿  SIMBA  ⦿──⦿  |       INFO | 2026-05-19 21:02:31 | ✔ SIMBA Completed ✔
⦿──⦿  SIMBA  ⦿──⦿  |       INFO | 2026-05-20 09:50:13 | 
   ⦿──⦿──⦿──⦿──⦿──⦿──⦿──⦿──⦿──⦿──⦿──⦿
       Sea Ice Mass Budget Analysis      
   ⦿──⦿──⦿──⦿──⦿──⦿──⦿──⦿──⦿──⦿──⦿──⦿

        version: 0.1.0


⦿──⦿  SIMBA  ⦿──⦿  |       INFO | 2026-05-20 09:50:13 | ==== Inputs ====
⦿──⦿  SIMBA  ⦿──⦿  |       INFO | 2026-05-20 09:50:13 | Completed: Read & validated config file -> ./configs/UKESM1-2-LL_esm-up2p0_config.toml
⦿──⦿  SIMBA  ⦿──⦿  |       INFO | 2026-05-20 09:50:13 | In Progress: Reading sea ice mass budget variables...
⦿──⦿  SIMBA  ⦿──⦿  |       INFO | 2026-05-20 09:50:13 | --> Completed: Opened 'mask' variable.
⦿──⦿  SIMBA  ⦿──⦿  |       INFO | 2026-05-20 09:50:13 | In Progress: Creating sea ice mass budget dataset from variables.
⦿──⦿  SIMBA  ⦿──⦿  |       INFO | 2026-05-20 09:50:14 | --> Completed: Opened 'areacello' variable.
⦿──⦿  SIMBA  ⦿──⦿  |       INFO | 2026-05-20 09:50:16 | --> Completed: Opened 'siconc' variable.
⦿──⦿  SIMBA  ⦿──⦿  |       INFO | 2026-05-20 09:50:17 | --> Completed: Opened 'sivol' variable.
⦿──⦿  SIMBA  ⦿──⦿  |       INFO | 2026-05-20 09:50:17 | --> Completed: Opened 'simass' variable.
⦿──⦿  SIMBA  ⦿──⦿  |       INFO | 2026-05-20 09:50:18 | --> Completed: Opened 'sidmassth' variable.
⦿──⦿  SIMBA  ⦿──⦿  |       INFO | 2026-05-20 09:50:18 | --> Completed: Opened 'sidmassdyn' variable.
⦿──⦿  SIMBA  ⦿──⦿  |       INFO | 2026-05-20 09:50:19 | --> Completed: Opened 'sidmassgrowthwat' variable.
⦿──⦿  SIMBA  ⦿──⦿  |       INFO | 2026-05-20 09:50:19 | --> Completed: Opened 'sidmassgrowthbot' variable.
⦿──⦿  SIMBA  ⦿──⦿  |       INFO | 2026-05-20 09:50:20 | --> Completed: Opened 'sidmasssi' variable.
⦿──⦿  SIMBA  ⦿──⦿  |       INFO | 2026-05-20 09:50:21 | --> Completed: Opened 'sidmassevapsubl' variable.
⦿──⦿  SIMBA  ⦿──⦿  |       INFO | 2026-05-20 09:50:21 | --> Completed: Opened 'sidmassmelttop' variable.
⦿──⦿  SIMBA  ⦿──⦿  |       INFO | 2026-05-20 09:50:22 | --> Completed: Opened 'sidmassmeltbot' variable.
⦿──⦿  SIMBA  ⦿──⦿  |       INFO | 2026-05-20 09:50:22 | --> Completed: Opened 'sidmasslat' variable.
⦿──⦿  SIMBA  ⦿──⦿  |       INFO | 2026-05-20 09:50:22 | --> Completed: Created sea ice mass budget dataset from variables.
⦿──⦿  SIMBA  ⦿──⦿  |       INFO | 2026-05-20 09:50:22 | ==== Sea Ice Mass Budget Calculation ====
⦿──⦿  SIMBA  ⦿──⦿  |       INFO | 2026-05-20 09:50:22 | In Progress: Calculating Regional Sea Ice Mass Budget...
⦿──⦿  SIMBA  ⦿──⦿  |       INFO | 2026-05-20 09:50:33 | Completed: Calculated Regional Sea Ice Mass Budget.
⦿──⦿  SIMBA  ⦿──⦿  |       INFO | 2026-05-20 09:50:33 | ==== Outputs ====
⦿──⦿  SIMBA  ⦿──⦿  |       INFO | 2026-05-20 09:50:33 | In Progress: Saving Sea Ice Mass Budget Analysis outputs to netCDF file...
⦿──⦿  SIMBA  ⦿──⦿  |       INFO | 2026-05-20 09:53:14 | Completed: Saved Sea Ice Mass Budget Analysis outputs to file -> /home/users/o_tooth/NOC/OptimESM/SeaIceMassBudgetMIP/contributions/UKESM1-2-LL/outputs//UKESM1-2-LL_SIMBA_SH_esm-up2p0_r1i1p1f1_1850-01-2139-12.nc
⦿──⦿  SIMBA  ⦿──⦿  |       INFO | 2026-05-20 09:53:14 | Completed: Succesfully closed all netcdf files.
⦿──⦿  SIMBA  ⦿──⦿  |       INFO | 2026-05-20 09:53:14 | ✔ SIMBA Completed ✔
⦿──⦿  SIMBA  ⦿──⦿  |       INFO | 2026-05-21 10:48:53 | 
   ⦿──⦿──⦿──⦿──⦿──⦿──⦿──⦿──⦿──⦿──⦿──⦿
       Sea Ice Mass Budget Analysis      
   ⦿──⦿──⦿──⦿──⦿──⦿──⦿──⦿──⦿──⦿──⦿──⦿

        version: 0.1.0


⦿──⦿  SIMBA  ⦿──⦿  |       INFO | 2026-05-21 10:48:53 | ==== Inputs ====
⦿──⦿  SIMBA  ⦿──⦿  |       INFO | 2026-05-21 10:48:53 | Completed: Read & validated config file -> ./configs/UKESM1-2-LL_esm-up2p0_config.toml
⦿──⦿  SIMBA  ⦿──⦿  |       INFO | 2026-05-21 10:48:53 | In Progress: Reading sea ice mass budget variables...
⦿──⦿  SIMBA  ⦿──⦿  |       INFO | 2026-05-21 10:48:53 | --> Completed: Opened 'mask' variable.
⦿──⦿  SIMBA  ⦿──⦿  |       INFO | 2026-05-21 10:48:53 | In Progress: Creating sea ice mass budget dataset from variables.
⦿──⦿  SIMBA  ⦿──⦿  |       INFO | 2026-05-21 10:48:55 | --> Completed: Opened 'areacello' variable.
